[sysadmin@centos ~]$ ssh-keygen
Generating public/private rsa key pair.
Enter file in which to save the key (/home/sysadmin/.ssh/id_rsa): y
Enter passphrase (empty for no passphrase): 
Enter same passphrase again: 
Your identification has been saved in y
Your public key has been saved in y.pub
The key fingerprint is:
SHA256:s+l728LesEtzVZ9ezQv2htAqJdzj/yicrQ0+0Mb7FWk sysadmin@centos
The key's randomart image is:
+---[RSA 3072]----+
|                 |
|                 |
|                .|
|        . . .  o=|
|        Soo= +.E=|
|         =++=.* +|
|        ooB+=. * |
|       . .*&+.+  |
|        o+=*B=.. |
+----[SHA256]-----+
[sysadmin@centos ~]$ ls y
y
[sysadmin@centos ~]$ tre y
bash: tre: command not found...
[sysadmin@centos ~]$ tree y
y [error opening dir]

0 directories, 0 files
[sysadmin@centos ~]$ sudo ls y/
[sudo] password for sysadmin: 
ls: cannot access 'y/': Not a directory
[sysadmin@centos ~]$ ls
Desktop  Documents  Downloads  Music  Pictures  Public  Templates  Videos  y  y.pub
[sysadmin@centos ~]$ rm y
[sysadmin@centos ~]$ rm y.pub
[sysadmin@centos ~]$ ls
Desktop  Documents  Downloads  Music  Pictures  Public  Templates  Videos
[sysadmin@centos ~]$ ssh-keygen
Generating public/private rsa key pair.
Enter file in which to save the key (/home/sysadmin/.ssh/id_rsa): 
Created directory '/home/sysadmin/.ssh'.
Enter passphrase (empty for no passphrase): 
Enter same passphrase again: 
Passphrases do not match.  Try again.
Enter passphrase (empty for no passphrase): 
Enter same passphrase again: 
Your identification has been saved in /home/sysadmin/.ssh/id_rsa
Your public key has been saved in /home/sysadmin/.ssh/id_rsa.pub
The key fingerprint is:
SHA256:2CfJbH6PU1b9czwBrgeZiJzkeGC4IhUpqmudz9VvUTQ sysadmin@centos
The key's randomart image is:
+---[RSA 3072]----+
|  .o.            |
|. o. o .     E   |
|.o  o * o . = o. |
|o. . . @ o + o...|
|o .   o S . +. .o|
|.      o.o oo. o+|
| .. .  ....oo   +|
|.. o. .  .o+     |
|.   .o    oo.    |
+----[SHA256]-----+
[sysadmin@centos ~]$ ssh-copy-id sysadmin@192.168.56.10
The authenticity of host '192.168.56.10 (192.168.56.10)' can't be established.
ED25519 key fingerprint is SHA256:1hhS9roTNSDKWspoo0c6BfAJf09ejct4HVyV3jwVnOQ.
This key is not known by any other names
Are you sure you want to continue connecting (yes/no/[fingerprint])? yes
/usr/bin/ssh-copy-id: INFO: attempting to log in with the new key(s), to filter out any that are already installed
/usr/bin/ssh-copy-id: INFO: 1 key(s) remain to be installed -- if you are prompted now it is to install the new keys
sysadmin@192.168.56.10's password: 

Number of key(s) added: 1

Now try logging into the machine, with:   "ssh 'sysadmin@192.168.56.10'"
and check to make sure that only the key(s) you wanted were added.

[sysadmin@centos ~]$ ip a
1: lo: <LOOPBACK,UP,LOWER_UP> mtu 65536 qdisc noqueue state UNKNOWN group default qlen 1000
    link/loopback 00:00:00:00:00:00 brd 00:00:00:00:00:00
    inet 127.0.0.1/8 scope host lo
       valid_lft forever preferred_lft forever
    inet6 ::1/128 scope host 
       valid_lft forever preferred_lft forever
2: enp0s3: <BROADCAST,MULTICAST,UP,LOWER_UP> mtu 1500 qdisc fq_codel state UP group default qlen 1000
    link/ether 08:00:27:8e:57:46 brd ff:ff:ff:ff:ff:ff
    inet 10.0.2.15/24 brd 10.0.2.255 scope global dynamic noprefixroute enp0s3
       valid_lft 85648sec preferred_lft 85648sec
    inet6 fd00::a00:27ff:fe8e:5746/64 scope global dynamic noprefixroute 
       valid_lft 86085sec preferred_lft 14085sec
    inet6 fe80::a00:27ff:fe8e:5746/64 scope link noprefixroute 
       valid_lft forever preferred_lft forever
3: enp0s8: <BROADCAST,MULTICAST,UP,LOWER_UP> mtu 1500 qdisc fq_codel state UP group default qlen 1000
    link/ether 08:00:27:41:c6:6c brd ff:ff:ff:ff:ff:ff
[sysadmin@centos ~]$ sudo ip a
[sudo] password for sysadmin: 
1: lo: <LOOPBACK,UP,LOWER_UP> mtu 65536 qdisc noqueue state UNKNOWN group default qlen 1000
    link/loopback 00:00:00:00:00:00 brd 00:00:00:00:00:00
    inet 127.0.0.1/8 scope host lo
       valid_lft forever preferred_lft forever
    inet6 ::1/128 scope host 
       valid_lft forever preferred_lft forever
2: enp0s3: <BROADCAST,MULTICAST,UP,LOWER_UP> mtu 1500 qdisc fq_codel state UP group default qlen 1000
    link/ether 08:00:27:8e:57:46 brd ff:ff:ff:ff:ff:ff
    inet 10.0.2.15/24 brd 10.0.2.255 scope global dynamic noprefixroute enp0s3
       valid_lft 85629sec preferred_lft 85629sec
    inet6 fd00::a00:27ff:fe8e:5746/64 scope global dynamic noprefixroute 
       valid_lft 86066sec preferred_lft 14066sec
    inet6 fe80::a00:27ff:fe8e:5746/64 scope link noprefixroute 
       valid_lft forever preferred_lft forever
3: enp0s8: <BROADCAST,MULTICAST,UP,LOWER_UP> mtu 1500 qdisc fq_codel state UP group default qlen 1000
    link/ether 08:00:27:41:c6:6c brd ff:ff:ff:ff:ff:ff
[sysadmin@centos ~]$ cat .ssh/known_hosts
192.168.56.10 ssh-ed25519 AAAAC3NzaC1lZDI1NTE5AAAAIDXCLNUFNUZqM6iX7PUpNAk0W9UkgGTcvBGYxWipmZ2v
192.168.56.10 ssh-rsa AAAAB3NzaC1yc2EAAAADAQABAAABgQC4dwa84Oeoy71WBIeSDdERWlFQGOqoWOqZFGVyM32T+7pjsoAfZt4AI2/9lv+i6OwgbpJzJStmKiD+68iZW5biPn/rOhAZN/cmrYghVfAQQcBXyMUbGCO6Oraay2BucgKftRXJ+46a6TIwAeuMn5HqMoB30eZBeewCjCDLinDQrgw7QUm+pKoOFs63zI8LpQEcrKv6c1I8U1I22A0QxOiC3VBImSUe7yl2E3Ev7jIDyuHhAIJAF02VxdA8USDREbW4czMrjqiX4hbZtpY0boUnsaIRFN++hrJRRXv3gJdTfmjgSohyJmnlVvqs2Zk54FoYjsGrS3s2MaCqt3jCgz27L8WYAyQ1ibN+0MaZ4fVQtN8g1TiBpQzTHpzZoGwAmVfJIncgq5mX9LSOp8h2B9bP+CPWzn4HboXCH2E7FujT3yMzOSO8xOM9nkNbJZzNmSNjZ/Ua35gTgQSEoMXXoh+isRwR86H1oEEjekm1YjEDGqBD8HzmeYy+ke6YaYa3CMk=
192.168.56.10 ecdsa-sha2-nistp256 AAAAE2VjZHNhLXNoYTItbmlzdHAyNTYAAAAIbmlzdHAyNTYAAABBBODvwqtKjtR+QE0HulvP6yYNFx/86slsZHyOZ8YwvisuRYVNidxX8kZ1Ub+fInR8htNwKxIEf+jo+rFP2C36V84=
[sysadmin@centos ~]$ ssh-copy-id sysadmin@192.168.56.10
/usr/bin/ssh-copy-id: INFO: attempting to log in with the new key(s), to filter out any that are already installed

/usr/bin/ssh-copy-id: WARNING: All keys were skipped because they already exist on the remote system.
		(if you think this is a mistake, you may want to use -f option)

[sysadmin@centos ~]$ ssh sysadmin@192.168.56.10
Welcome to Ubuntu 24.04.2 LTS (GNU/Linux 6.8.0-53-generic x86_64)

 * Documentation:  https://help.ubuntu.com
 * Management:     https://landscape.canonical.com
 * Support:        https://ubuntu.com/pro

 System information as of sáb 22 feb 2025 23:11:18 UTC

  System load:             0.02
  Usage of /:              18.6% of 24.44GB
  Memory usage:            10%
  Swap usage:              0%
  Processes:               101
  Users logged in:         1
  IPv4 address for enp0s3: 10.0.2.15
  IPv6 address for enp0s3: fd00::a00:27ff:feeb:2d9


El mantenimiento de seguridad expandido para Applications está desactivado

Se pueden aplicar 0 actualizaciones de forma inmediata.

Active ESM Apps para recibir futuras actualizaciones de seguridad adicionales.
Vea https://ubuntu.com/esm o ejecute «sudo pro status»


sysadmin@ubuntu:~$ cat .ssh/authorized_keys .
./                         .bash_logout               .cache/                    .profile                   .sudo_as_admin_successful
../                        .bashrc                    .lesshst                   .ssh/                      
sysadmin@ubuntu:~$ cat .ssh/authorized_keys
ssh-rsa AAAAB3NzaC1yc2EAAAADAQABAAABgQCPaLEeMHjwIp/1vQrGjC49fKp/DdHFYeFWP83ig93AmjQAhlLons1dFzNQMUBTqV47eVB+hukArUf+CPbGEBS+BmaysT0ou8zAmiRYtikMJxW1W7S91Vr0N7LiRQRgeynVSvfdt6Ci7CjHY99gb7hh5AtLDhzzUl78LIG1cFKbL4M/dwYAkCpAEZyxIbhbN3Zv+M4eptHF+8yWPjJXLUxvaWJT2OM9TtcI0DIEVarTD7s+k8InJ7RnSLWFGWmRGzcA5m+zfaLd+XMxcyGLJ7Xg5eYtpz8v6h/cl08+EEQf3PqxAMxC6V1KQTMgcACnRRomgpy2LuHd1FN1iyn4K+A+vJXITXaT0DsqRNEGasNitg8Lp3YrkTFXHK+AxMdxUNmSfoG42q0KkAMchK6FVJpohMAZgv2pYhxret4HBiKkt0xcKAxpA1teh2CEYiUnNEVjysZi2JuNP+vWDxRoZKZnWgKC0zLHqfvh6MytzK8fg8HBH2hISMzYyhiH5alO1DU= sysadmin@centos
sysadmin@ubuntu:~$ ip a
1: lo: <LOOPBACK,UP,LOWER_UP> mtu 65536 qdisc noqueue state UNKNOWN group default qlen 1000
    link/loopback 00:00:00:00:00:00 brd 00:00:00:00:00:00
    inet 127.0.0.1/8 scope host lo
       valid_lft forever preferred_lft forever
    inet6 ::1/128 scope host noprefixroute 
       valid_lft forever preferred_lft forever
2: enp0s3: <BROADCAST,MULTICAST,UP,LOWER_UP> mtu 1500 qdisc fq_codel state UP group default qlen 1000
    link/ether 08:00:27:eb:02:d9 brd ff:ff:ff:ff:ff:ff
    inet 10.0.2.15/24 metric 100 brd 10.0.2.255 scope global dynamic enp0s3
       valid_lft 85163sec preferred_lft 85163sec
    inet6 fd00::a00:27ff:feeb:2d9/64 scope global dynamic mngtmpaddr noprefixroute 
       valid_lft 85799sec preferred_lft 13799sec
    inet6 fe80::a00:27ff:feeb:2d9/64 scope link 
       valid_lft forever preferred_lft forever
3: enp0s8: <BROADCAST,MULTICAST,UP,LOWER_UP> mtu 1500 qdisc fq_codel state UP group default qlen 1000
    link/ether 08:00:27:b9:b8:3b brd ff:ff:ff:ff:ff:ff
    inet 192.168.56.10/24 brd 192.168.56.255 scope global enp0s8
       valid_lft forever preferred_lft forever
    inet6 fe80::a00:27ff:feb9:b83b/64 scope link 
       valid_lft forever preferred_lft forever
sysadmin@ubuntu:~$ exit
logout
Connection to 192.168.56.10 closed.
[sysadmin@centos ~]$ dnf search vis |less

[1]+  Stopped                 dnf search vis | less
[sysadmin@centos ~]$ dnf search vis
Waiting for process with pid 7719 to finish.
^Z
[2]+  Stopped                 dnf search vis
[sysadmin@centos ~]$ sudo nmtui
[sudo] password for sysadmin: 
[sysadmin@centos ~]$ ip a
1: lo: <LOOPBACK,UP,LOWER_UP> mtu 65536 qdisc noqueue state UNKNOWN group default qlen 1000
    link/loopback 00:00:00:00:00:00 brd 00:00:00:00:00:00
    inet 127.0.0.1/8 scope host lo
       valid_lft forever preferred_lft forever
    inet6 ::1/128 scope host 
       valid_lft forever preferred_lft forever
2: enp0s3: <BROADCAST,MULTICAST,UP,LOWER_UP> mtu 1500 qdisc fq_codel state UP group default qlen 1000
    link/ether 08:00:27:8e:57:46 brd ff:ff:ff:ff:ff:ff
    inet 10.0.2.15/24 brd 10.0.2.255 scope global dynamic noprefixroute enp0s3
       valid_lft 84867sec preferred_lft 84867sec
    inet6 fd00::a00:27ff:fe8e:5746/64 scope global dynamic noprefixroute 
       valid_lft 86297sec preferred_lft 14297sec
    inet6 fe80::a00:27ff:fe8e:5746/64 scope link noprefixroute 
       valid_lft forever preferred_lft forever
3: enp0s8: <BROADCAST,MULTICAST,UP,LOWER_UP> mtu 1500 qdisc fq_codel state UP group default qlen 1000
    link/ether 08:00:27:41:c6:6c brd ff:ff:ff:ff:ff:ff
    inet 192.168.56.20/24 brd 192.168.56.255 scope global noprefixroute enp0s8
       valid_lft forever preferred_lft forever
    inet6 fe80::a00:27ff:fe41:c66c/64 scope link noprefixroute 
       valid_lft forever preferred_lft forever
[sysadmin@centos ~]$ cat .ssh/id_rsa.pub
ssh-rsa AAAAB3NzaC1yc2EAAAADAQABAAABgQCPaLEeMHjwIp/1vQrGjC49fKp/DdHFYeFWP83ig93AmjQAhlLons1dFzNQMUBTqV47eVB+hukArUf+CPbGEBS+BmaysT0ou8zAmiRYtikMJxW1W7S91Vr0N7LiRQRgeynVSvfdt6Ci7CjHY99gb7hh5AtLDhzzUl78LIG1cFKbL4M/dwYAkCpAEZyxIbhbN3Zv+M4eptHF+8yWPjJXLUxvaWJT2OM9TtcI0DIEVarTD7s+k8InJ7RnSLWFGWmRGzcA5m+zfaLd+XMxcyGLJ7Xg5eYtpz8v6h/cl08+EEQf3PqxAMxC6V1KQTMgcACnRRomgpy2LuHd1FN1iyn4K+A+vJXITXaT0DsqRNEGasNitg8Lp3YrkTFXHK+AxMdxUNmSfoG42q0KkAMchK6FVJpohMAZgv2pYhxret4HBiKkt0xcKAxpA1teh2CEYiUnNEVjysZi2JuNP+vWDxRoZKZnWgKC0zLHqfvh6MytzK8fg8HBH2hISMzYyhiH5alO1DU= sysadmin@centos
[sysadmin@centos ~]$ git config --global user.name "Sol Varietti"
[sysadmin@centos ~]$ git config --global user.mail "MV288481@fi365.ort.edu.uy"
[sysadmin@centos ~]$ git config --list
user.name=Sol Varietti
user.mail=MV288481@fi365.ort.edu.uy
[sysadmin@centos ~]$ git config --global color.ui true
[sysadmin@centos ~]$ sudo dnf in
in               info             info-sec         info-security    info-updateinfo  install          install-n        install-na       install-nevra
[sysadmin@centos ~]$ sudo dnf install git
[sudo] password for sysadmin: 
Last metadata expiration check: 3:29:54 ago on Sat 22 Feb 2025 05:04:59 PM -03.
Package git-2.47.1-1.el9.x86_64 is already installed.
Dependencies resolved.
Nothing to do.
Complete!
[sysadmin@centos ~]$ dnf search git |less
[sysadmin@centos ~]$ 
[sysadmin@centos ~]$ dnf search git
Waiting for process with pid 7719 to finish.




^CKeyboardInterrupt: Terminated.
[sysadmin@centos ~]$ dnf install gi
giflib-5.2.1-9.el9.i686                       git-core-doc-2.43.0-1.el9.noarch              gitk-2.39.1-1.el9.noarch
gimp-2:2.99.8-2.el9.x86_64                    git-core-doc-2.43.5-1.el9.noarch              gitk-2.39.3-1.el9.noarch
gimp-2:2.99.8-3.el9.x86_64                    git-credential-libsecret-2.39.1-1.el9.x86_64  gitk-2.43.0-1.el9.noarch
gimp-libs-2:2.99.8-2.el9.i686                 git-credential-libsecret-2.39.3-1.el9.x86_64  gitk-2.43.5-1.el9.noarch
gimp-libs-2:2.99.8-2.el9.x86_64               git-credential-libsecret-2.43.0-1.el9.x86_64  gitk-2.47.1-1.el9.noarch
gimp-libs-2:2.99.8-3.el9.i686                 git-credential-libsecret-2.43.5-1.el9.x86_64  git-lfs-3.4.1-1.el9.x86_64
gimp-libs-2:2.99.8-3.el9.x86_64               git-credential-libsecret-2.47.1-1.el9.x86_64  git-lfs-3.4.1-2.el9.x86_64
git-2.39.1-1.el9.x86_64                       git-daemon-2.39.1-1.el9.x86_64                git-lfs-3.4.1-3.el9.x86_64
git-2.39.3-1.el9.x86_64                       git-daemon-2.39.3-1.el9.x86_64                git-lfs-3.6.0-1.el9.x86_64
git-2.43.0-1.el9.x86_64                       git-daemon-2.43.0-1.el9.x86_64                git-lfs-3.6.1-1.el9.x86_64
git-2.43.5-1.el9.x86_64                       git-daemon-2.43.5-1.el9.x86_64                git-subtree-2.39.1-1.el9.x86_64
git-all-2.39.1-1.el9.noarch                   git-daemon-2.47.1-1.el9.x86_64                git-subtree-2.39.3-1.el9.x86_64
git-all-2.39.3-1.el9.noarch                   git-email-2.39.1-1.el9.noarch                 git-subtree-2.43.0-1.el9.x86_64
git-all-2.43.0-1.el9.noarch                   git-email-2.39.3-1.el9.noarch                 git-subtree-2.43.5-1.el9.x86_64
git-all-2.43.5-1.el9.noarch                   git-email-2.43.0-1.el9.noarch                 git-subtree-2.47.1-1.el9.x86_64
git-all-2.47.1-1.el9.noarch                   git-email-2.43.5-1.el9.noarch                 git-svn-2.39.1-1.el9.noarch
git-clang-format-18.1.6-3.el9.x86_64          git-email-2.47.1-1.el9.noarch                 git-svn-2.39.3-1.el9.noarch
git-clang-format-18.1.8-3.el9.x86_64          git-gui-2.39.1-1.el9.noarch                   git-svn-2.43.0-1.el9.noarch
git-clang-format-19.1.3-1.el9.x86_64          git-gui-2.39.3-1.el9.noarch                   git-svn-2.43.5-1.el9.noarch
git-clang-format-19.1.5-2.el9.x86_64          git-gui-2.43.0-1.el9.noarch                   git-svn-2.47.1-1.el9.noarch
git-clang-format-19.1.7-1.el9.x86_64          git-gui-2.43.5-1.el9.noarch                   gitweb-2.39.1-1.el9.noarch
git-core-2.39.1-1.el9.x86_64                  git-gui-2.47.1-1.el9.noarch                   gitweb-2.39.3-1.el9.noarch
git-core-2.39.3-1.el9.x86_64                  git-instaweb-2.39.1-1.el9.noarch              gitweb-2.43.0-1.el9.noarch
git-core-2.43.0-1.el9.x86_64                  git-instaweb-2.39.3-1.el9.noarch              gitweb-2.43.5-1.el9.noarch
git-core-2.43.5-1.el9.x86_64                  git-instaweb-2.43.0-1.el9.noarch              gitweb-2.47.1-1.el9.noarch
git-core-doc-2.39.1-1.el9.noarch              git-instaweb-2.43.5-1.el9.noarch              
git-core-doc-2.39.3-1.el9.noarch              git-instaweb-2.47.1-1.el9.noarch              
[sysadmin@centos ~]$ dnf install gi
giflib-5.2.1-9.el9.i686                       git-core-doc-2.43.0-1.el9.noarch              gitk-2.39.1-1.el9.noarch
gimp-2:2.99.8-2.el9.x86_64                    git-core-doc-2.43.5-1.el9.noarch              gitk-2.39.3-1.el9.noarch
gimp-2:2.99.8-3.el9.x86_64                    git-credential-libsecret-2.39.1-1.el9.x86_64  gitk-2.43.0-1.el9.noarch
gimp-libs-2:2.99.8-2.el9.i686                 git-credential-libsecret-2.39.3-1.el9.x86_64  gitk-2.43.5-1.el9.noarch
gimp-libs-2:2.99.8-2.el9.x86_64               git-credential-libsecret-2.43.0-1.el9.x86_64  gitk-2.47.1-1.el9.noarch
gimp-libs-2:2.99.8-3.el9.i686                 git-credential-libsecret-2.43.5-1.el9.x86_64  git-lfs-3.4.1-1.el9.x86_64
gimp-libs-2:2.99.8-3.el9.x86_64               git-credential-libsecret-2.47.1-1.el9.x86_64  git-lfs-3.4.1-2.el9.x86_64
git-2.39.1-1.el9.x86_64                       git-daemon-2.39.1-1.el9.x86_64                git-lfs-3.4.1-3.el9.x86_64
git-2.39.3-1.el9.x86_64                       git-daemon-2.39.3-1.el9.x86_64                git-lfs-3.6.0-1.el9.x86_64
git-2.43.0-1.el9.x86_64                       git-daemon-2.43.0-1.el9.x86_64                git-lfs-3.6.1-1.el9.x86_64
git-2.43.5-1.el9.x86_64                       git-daemon-2.43.5-1.el9.x86_64                git-subtree-2.39.1-1.el9.x86_64
git-all-2.39.1-1.el9.noarch                   git-daemon-2.47.1-1.el9.x86_64                git-subtree-2.39.3-1.el9.x86_64
git-all-2.39.3-1.el9.noarch                   git-email-2.39.1-1.el9.noarch                 git-subtree-2.43.0-1.el9.x86_64
git-all-2.43.0-1.el9.noarch                   git-email-2.39.3-1.el9.noarch                 git-subtree-2.43.5-1.el9.x86_64
git-all-2.43.5-1.el9.noarch                   git-email-2.43.0-1.el9.noarch                 git-subtree-2.47.1-1.el9.x86_64
git-all-2.47.1-1.el9.noarch                   git-email-2.43.5-1.el9.noarch                 git-svn-2.39.1-1.el9.noarch
git-clang-format-18.1.6-3.el9.x86_64          git-email-2.47.1-1.el9.noarch                 git-svn-2.39.3-1.el9.noarch
git-clang-format-18.1.8-3.el9.x86_64          git-gui-2.39.1-1.el9.noarch                   git-svn-2.43.0-1.el9.noarch
git-clang-format-19.1.3-1.el9.x86_64          git-gui-2.39.3-1.el9.noarch                   git-svn-2.43.5-1.el9.noarch
git-clang-format-19.1.5-2.el9.x86_64          git-gui-2.43.0-1.el9.noarch                   git-svn-2.47.1-1.el9.noarch
git-clang-format-19.1.7-1.el9.x86_64          git-gui-2.43.5-1.el9.noarch                   gitweb-2.39.1-1.el9.noarch
git-core-2.39.1-1.el9.x86_64                  git-gui-2.47.1-1.el9.noarch                   gitweb-2.39.3-1.el9.noarch
git-core-2.39.3-1.el9.x86_64                  git-instaweb-2.39.1-1.el9.noarch              gitweb-2.43.0-1.el9.noarch
git-core-2.43.0-1.el9.x86_64                  git-instaweb-2.39.3-1.el9.noarch              gitweb-2.43.5-1.el9.noarch
git-core-2.43.5-1.el9.x86_64                  git-instaweb-2.43.0-1.el9.noarch              gitweb-2.47.1-1.el9.noarch
git-core-doc-2.39.1-1.el9.noarch              git-instaweb-2.43.5-1.el9.noarch              
git-core-doc-2.39.3-1.el9.noarch              git-instaweb-2.47.1-1.el9.noarch              
[sysadmin@centos ~]$ dnf install gi
giflib-5.2.1-9.el9.i686                       git-core-doc-2.43.0-1.el9.noarch              gitk-2.39.1-1.el9.noarch
gimp-2:2.99.8-2.el9.x86_64                    git-core-doc-2.43.5-1.el9.noarch              gitk-2.39.3-1.el9.noarch
gimp-2:2.99.8-3.el9.x86_64                    git-credential-libsecret-2.39.1-1.el9.x86_64  gitk-2.43.0-1.el9.noarch
gimp-libs-2:2.99.8-2.el9.i686                 git-credential-libsecret-2.39.3-1.el9.x86_64  gitk-2.43.5-1.el9.noarch
gimp-libs-2:2.99.8-2.el9.x86_64               git-credential-libsecret-2.43.0-1.el9.x86_64  gitk-2.47.1-1.el9.noarch
gimp-libs-2:2.99.8-3.el9.i686                 git-credential-libsecret-2.43.5-1.el9.x86_64  git-lfs-3.4.1-1.el9.x86_64
gimp-libs-2:2.99.8-3.el9.x86_64               git-credential-libsecret-2.47.1-1.el9.x86_64  git-lfs-3.4.1-2.el9.x86_64
git-2.39.1-1.el9.x86_64                       git-daemon-2.39.1-1.el9.x86_64                git-lfs-3.4.1-3.el9.x86_64
git-2.39.3-1.el9.x86_64                       git-daemon-2.39.3-1.el9.x86_64                git-lfs-3.6.0-1.el9.x86_64
git-2.43.0-1.el9.x86_64                       git-daemon-2.43.0-1.el9.x86_64                git-lfs-3.6.1-1.el9.x86_64
git-2.43.5-1.el9.x86_64                       git-daemon-2.43.5-1.el9.x86_64                git-subtree-2.39.1-1.el9.x86_64
git-all-2.39.1-1.el9.noarch                   git-daemon-2.47.1-1.el9.x86_64                git-subtree-2.39.3-1.el9.x86_64
git-all-2.39.3-1.el9.noarch                   git-email-2.39.1-1.el9.noarch                 git-subtree-2.43.0-1.el9.x86_64
git-all-2.43.0-1.el9.noarch                   git-email-2.39.3-1.el9.noarch                 git-subtree-2.43.5-1.el9.x86_64
git-all-2.43.5-1.el9.noarch                   git-email-2.43.0-1.el9.noarch                 git-subtree-2.47.1-1.el9.x86_64
git-all-2.47.1-1.el9.noarch                   git-email-2.43.5-1.el9.noarch                 git-svn-2.39.1-1.el9.noarch
git-clang-format-18.1.6-3.el9.x86_64          git-email-2.47.1-1.el9.noarch                 git-svn-2.39.3-1.el9.noarch
git-clang-format-18.1.8-3.el9.x86_64          git-gui-2.39.1-1.el9.noarch                   git-svn-2.43.0-1.el9.noarch
git-clang-format-19.1.3-1.el9.x86_64          git-gui-2.39.3-1.el9.noarch                   git-svn-2.43.5-1.el9.noarch
git-clang-format-19.1.5-2.el9.x86_64          git-gui-2.43.0-1.el9.noarch                   git-svn-2.47.1-1.el9.noarch
git-clang-format-19.1.7-1.el9.x86_64          git-gui-2.43.5-1.el9.noarch                   gitweb-2.39.1-1.el9.noarch
git-core-2.39.1-1.el9.x86_64                  git-gui-2.47.1-1.el9.noarch                   gitweb-2.39.3-1.el9.noarch
git-core-2.39.3-1.el9.x86_64                  git-instaweb-2.39.1-1.el9.noarch              gitweb-2.43.0-1.el9.noarch
git-core-2.43.0-1.el9.x86_64                  git-instaweb-2.39.3-1.el9.noarch              gitweb-2.43.5-1.el9.noarch
git-core-2.43.5-1.el9.x86_64                  git-instaweb-2.43.0-1.el9.noarch              gitweb-2.47.1-1.el9.noarch
git-core-doc-2.39.1-1.el9.noarch              git-instaweb-2.43.5-1.el9.noarch              
git-core-doc-2.39.3-1.el9.noarch              git-instaweb-2.47.1-1.el9.noarch              
[sysadmin@centos ~]$ dnf install gi
giflib-5.2.1-9.el9.i686                       git-core-doc-2.43.0-1.el9.noarch              gitk-2.39.1-1.el9.noarch
gimp-2:2.99.8-2.el9.x86_64                    git-core-doc-2.43.5-1.el9.noarch              gitk-2.39.3-1.el9.noarch
gimp-2:2.99.8-3.el9.x86_64                    git-credential-libsecret-2.39.1-1.el9.x86_64  gitk-2.43.0-1.el9.noarch
gimp-libs-2:2.99.8-2.el9.i686                 git-credential-libsecret-2.39.3-1.el9.x86_64  gitk-2.43.5-1.el9.noarch
gimp-libs-2:2.99.8-2.el9.x86_64               git-credential-libsecret-2.43.0-1.el9.x86_64  gitk-2.47.1-1.el9.noarch
gimp-libs-2:2.99.8-3.el9.i686                 git-credential-libsecret-2.43.5-1.el9.x86_64  git-lfs-3.4.1-1.el9.x86_64
gimp-libs-2:2.99.8-3.el9.x86_64               git-credential-libsecret-2.47.1-1.el9.x86_64  git-lfs-3.4.1-2.el9.x86_64
git-2.39.1-1.el9.x86_64                       git-daemon-2.39.1-1.el9.x86_64                git-lfs-3.4.1-3.el9.x86_64
git-2.39.3-1.el9.x86_64                       git-daemon-2.39.3-1.el9.x86_64                git-lfs-3.6.0-1.el9.x86_64
git-2.43.0-1.el9.x86_64                       git-daemon-2.43.0-1.el9.x86_64                git-lfs-3.6.1-1.el9.x86_64
git-2.43.5-1.el9.x86_64                       git-daemon-2.43.5-1.el9.x86_64                git-subtree-2.39.1-1.el9.x86_64
git-all-2.39.1-1.el9.noarch                   git-daemon-2.47.1-1.el9.x86_64                git-subtree-2.39.3-1.el9.x86_64
git-all-2.39.3-1.el9.noarch                   git-email-2.39.1-1.el9.noarch                 git-subtree-2.43.0-1.el9.x86_64
git-all-2.43.0-1.el9.noarch                   git-email-2.39.3-1.el9.noarch                 git-subtree-2.43.5-1.el9.x86_64
git-all-2.43.5-1.el9.noarch                   git-email-2.43.0-1.el9.noarch                 git-subtree-2.47.1-1.el9.x86_64
git-all-2.47.1-1.el9.noarch                   git-email-2.43.5-1.el9.noarch                 git-svn-2.39.1-1.el9.noarch
git-clang-format-18.1.6-3.el9.x86_64          git-email-2.47.1-1.el9.noarch                 git-svn-2.39.3-1.el9.noarch
git-clang-format-18.1.8-3.el9.x86_64          git-gui-2.39.1-1.el9.noarch                   git-svn-2.43.0-1.el9.noarch
git-clang-format-19.1.3-1.el9.x86_64          git-gui-2.39.3-1.el9.noarch                   git-svn-2.43.5-1.el9.noarch
git-clang-format-19.1.5-2.el9.x86_64          git-gui-2.43.0-1.el9.noarch                   git-svn-2.47.1-1.el9.noarch
git-clang-format-19.1.7-1.el9.x86_64          git-gui-2.43.5-1.el9.noarch                   gitweb-2.39.1-1.el9.noarch
git-core-2.39.1-1.el9.x86_64                  git-gui-2.47.1-1.el9.noarch                   gitweb-2.39.3-1.el9.noarch
git-core-2.39.3-1.el9.x86_64                  git-instaweb-2.39.1-1.el9.noarch              gitweb-2.43.0-1.el9.noarch
git-core-2.43.0-1.el9.x86_64                  git-instaweb-2.39.3-1.el9.noarch              gitweb-2.43.5-1.el9.noarch
git-core-2.43.5-1.el9.x86_64                  git-instaweb-2.43.0-1.el9.noarch              gitweb-2.47.1-1.el9.noarch
git-core-doc-2.39.1-1.el9.noarch              git-instaweb-2.43.5-1.el9.noarch              
git-core-doc-2.39.3-1.el9.noarch              git-instaweb-2.47.1-1.el9.noarch              
[sysadmin@centos ~]$ dnf install gi
giflib-5.2.1-9.el9.i686                       git-core-doc-2.43.0-1.el9.noarch              gitk-2.39.1-1.el9.noarch
gimp-2:2.99.8-2.el9.x86_64                    git-core-doc-2.43.5-1.el9.noarch              gitk-2.39.3-1.el9.noarch
gimp-2:2.99.8-3.el9.x86_64                    git-credential-libsecret-2.39.1-1.el9.x86_64  gitk-2.43.0-1.el9.noarch
gimp-libs-2:2.99.8-2.el9.i686                 git-credential-libsecret-2.39.3-1.el9.x86_64  gitk-2.43.5-1.el9.noarch
gimp-libs-2:2.99.8-2.el9.x86_64               git-credential-libsecret-2.43.0-1.el9.x86_64  gitk-2.47.1-1.el9.noarch
gimp-libs-2:2.99.8-3.el9.i686                 git-credential-libsecret-2.43.5-1.el9.x86_64  git-lfs-3.4.1-1.el9.x86_64
gimp-libs-2:2.99.8-3.el9.x86_64               git-credential-libsecret-2.47.1-1.el9.x86_64  git-lfs-3.4.1-2.el9.x86_64
git-2.39.1-1.el9.x86_64                       git-daemon-2.39.1-1.el9.x86_64                git-lfs-3.4.1-3.el9.x86_64
git-2.39.3-1.el9.x86_64                       git-daemon-2.39.3-1.el9.x86_64                git-lfs-3.6.0-1.el9.x86_64
git-2.43.0-1.el9.x86_64                       git-daemon-2.43.0-1.el9.x86_64                git-lfs-3.6.1-1.el9.x86_64
git-2.43.5-1.el9.x86_64                       git-daemon-2.43.5-1.el9.x86_64                git-subtree-2.39.1-1.el9.x86_64
git-all-2.39.1-1.el9.noarch                   git-daemon-2.47.1-1.el9.x86_64                git-subtree-2.39.3-1.el9.x86_64
git-all-2.39.3-1.el9.noarch                   git-email-2.39.1-1.el9.noarch                 git-subtree-2.43.0-1.el9.x86_64
git-all-2.43.0-1.el9.noarch                   git-email-2.39.3-1.el9.noarch                 git-subtree-2.43.5-1.el9.x86_64
git-all-2.43.5-1.el9.noarch                   git-email-2.43.0-1.el9.noarch                 git-subtree-2.47.1-1.el9.x86_64
git-all-2.47.1-1.el9.noarch                   git-email-2.43.5-1.el9.noarch                 git-svn-2.39.1-1.el9.noarch
git-clang-format-18.1.6-3.el9.x86_64          git-email-2.47.1-1.el9.noarch                 git-svn-2.39.3-1.el9.noarch
git-clang-format-18.1.8-3.el9.x86_64          git-gui-2.39.1-1.el9.noarch                   git-svn-2.43.0-1.el9.noarch
git-clang-format-19.1.3-1.el9.x86_64          git-gui-2.39.3-1.el9.noarch                   git-svn-2.43.5-1.el9.noarch
git-clang-format-19.1.5-2.el9.x86_64          git-gui-2.43.0-1.el9.noarch                   git-svn-2.47.1-1.el9.noarch
git-clang-format-19.1.7-1.el9.x86_64          git-gui-2.43.5-1.el9.noarch                   gitweb-2.39.1-1.el9.noarch
git-core-2.39.1-1.el9.x86_64                  git-gui-2.47.1-1.el9.noarch                   gitweb-2.39.3-1.el9.noarch
git-core-2.39.3-1.el9.x86_64                  git-instaweb-2.39.1-1.el9.noarch              gitweb-2.43.0-1.el9.noarch
git-core-2.43.0-1.el9.x86_64                  git-instaweb-2.39.3-1.el9.noarch              gitweb-2.43.5-1.el9.noarch
git-core-2.43.5-1.el9.x86_64                  git-instaweb-2.43.0-1.el9.noarch              gitweb-2.47.1-1.el9.noarch
git-core-doc-2.39.1-1.el9.noarch              git-instaweb-2.43.5-1.el9.noarch              
git-core-doc-2.39.3-1.el9.noarch              git-instaweb-2.47.1-1.el9.noarch              
[sysadmin@centos ~]$ dnf install gi
giflib-5.2.1-9.el9.i686                       git-core-doc-2.43.0-1.el9.noarch              gitk-2.39.1-1.el9.noarch
gimp-2:2.99.8-2.el9.x86_64                    git-core-doc-2.43.5-1.el9.noarch              gitk-2.39.3-1.el9.noarch
gimp-2:2.99.8-3.el9.x86_64                    git-credential-libsecret-2.39.1-1.el9.x86_64  gitk-2.43.0-1.el9.noarch
gimp-libs-2:2.99.8-2.el9.i686                 git-credential-libsecret-2.39.3-1.el9.x86_64  gitk-2.43.5-1.el9.noarch
gimp-libs-2:2.99.8-2.el9.x86_64               git-credential-libsecret-2.43.0-1.el9.x86_64  gitk-2.47.1-1.el9.noarch
gimp-libs-2:2.99.8-3.el9.i686                 git-credential-libsecret-2.43.5-1.el9.x86_64  git-lfs-3.4.1-1.el9.x86_64
gimp-libs-2:2.99.8-3.el9.x86_64               git-credential-libsecret-2.47.1-1.el9.x86_64  git-lfs-3.4.1-2.el9.x86_64
git-2.39.1-1.el9.x86_64                       git-daemon-2.39.1-1.el9.x86_64                git-lfs-3.4.1-3.el9.x86_64
git-2.39.3-1.el9.x86_64                       git-daemon-2.39.3-1.el9.x86_64                git-lfs-3.6.0-1.el9.x86_64
git-2.43.0-1.el9.x86_64                       git-daemon-2.43.0-1.el9.x86_64                git-lfs-3.6.1-1.el9.x86_64
git-2.43.5-1.el9.x86_64                       git-daemon-2.43.5-1.el9.x86_64                git-subtree-2.39.1-1.el9.x86_64
git-all-2.39.1-1.el9.noarch                   git-daemon-2.47.1-1.el9.x86_64                git-subtree-2.39.3-1.el9.x86_64
git-all-2.39.3-1.el9.noarch                   git-email-2.39.1-1.el9.noarch                 git-subtree-2.43.0-1.el9.x86_64
git-all-2.43.0-1.el9.noarch                   git-email-2.39.3-1.el9.noarch                 git-subtree-2.43.5-1.el9.x86_64
git-all-2.43.5-1.el9.noarch                   git-email-2.43.0-1.el9.noarch                 git-subtree-2.47.1-1.el9.x86_64
git-all-2.47.1-1.el9.noarch                   git-email-2.43.5-1.el9.noarch                 git-svn-2.39.1-1.el9.noarch
git-clang-format-18.1.6-3.el9.x86_64          git-email-2.47.1-1.el9.noarch                 git-svn-2.39.3-1.el9.noarch
git-clang-format-18.1.8-3.el9.x86_64          git-gui-2.39.1-1.el9.noarch                   git-svn-2.43.0-1.el9.noarch
git-clang-format-19.1.3-1.el9.x86_64          git-gui-2.39.3-1.el9.noarch                   git-svn-2.43.5-1.el9.noarch
git-clang-format-19.1.5-2.el9.x86_64          git-gui-2.43.0-1.el9.noarch                   git-svn-2.47.1-1.el9.noarch
git-clang-format-19.1.7-1.el9.x86_64          git-gui-2.43.5-1.el9.noarch                   gitweb-2.39.1-1.el9.noarch
git-core-2.39.1-1.el9.x86_64                  git-gui-2.47.1-1.el9.noarch                   gitweb-2.39.3-1.el9.noarch
git-core-2.39.3-1.el9.x86_64                  git-instaweb-2.39.1-1.el9.noarch              gitweb-2.43.0-1.el9.noarch
git-core-2.43.0-1.el9.x86_64                  git-instaweb-2.39.3-1.el9.noarch              gitweb-2.43.5-1.el9.noarch
git-core-2.43.5-1.el9.x86_64                  git-instaweb-2.43.0-1.el9.noarch              gitweb-2.47.1-1.el9.noarch
git-core-doc-2.39.1-1.el9.noarch              git-instaweb-2.43.5-1.el9.noarch              
git-core-doc-2.39.3-1.el9.noarch              git-instaweb-2.47.1-1.el9.noarch              
[sysadmin@centos ~]$ dnf install gi
giflib-5.2.1-9.el9.i686                       git-core-doc-2.43.0-1.el9.noarch              gitk-2.39.1-1.el9.noarch
gimp-2:2.99.8-2.el9.x86_64                    git-core-doc-2.43.5-1.el9.noarch              gitk-2.39.3-1.el9.noarch
gimp-2:2.99.8-3.el9.x86_64                    git-credential-libsecret-2.39.1-1.el9.x86_64  gitk-2.43.0-1.el9.noarch
gimp-libs-2:2.99.8-2.el9.i686                 git-credential-libsecret-2.39.3-1.el9.x86_64  gitk-2.43.5-1.el9.noarch
gimp-libs-2:2.99.8-2.el9.x86_64               git-credential-libsecret-2.43.0-1.el9.x86_64  gitk-2.47.1-1.el9.noarch
gimp-libs-2:2.99.8-3.el9.i686                 git-credential-libsecret-2.43.5-1.el9.x86_64  git-lfs-3.4.1-1.el9.x86_64
gimp-libs-2:2.99.8-3.el9.x86_64               git-credential-libsecret-2.47.1-1.el9.x86_64  git-lfs-3.4.1-2.el9.x86_64
git-2.39.1-1.el9.x86_64                       git-daemon-2.39.1-1.el9.x86_64                git-lfs-3.4.1-3.el9.x86_64
git-2.39.3-1.el9.x86_64                       git-daemon-2.39.3-1.el9.x86_64                git-lfs-3.6.0-1.el9.x86_64
git-2.43.0-1.el9.x86_64                       git-daemon-2.43.0-1.el9.x86_64                git-lfs-3.6.1-1.el9.x86_64
git-2.43.5-1.el9.x86_64                       git-daemon-2.43.5-1.el9.x86_64                git-subtree-2.39.1-1.el9.x86_64
git-all-2.39.1-1.el9.noarch                   git-daemon-2.47.1-1.el9.x86_64                git-subtree-2.39.3-1.el9.x86_64
git-all-2.39.3-1.el9.noarch                   git-email-2.39.1-1.el9.noarch                 git-subtree-2.43.0-1.el9.x86_64
git-all-2.43.0-1.el9.noarch                   git-email-2.39.3-1.el9.noarch                 git-subtree-2.43.5-1.el9.x86_64
git-all-2.43.5-1.el9.noarch                   git-email-2.43.0-1.el9.noarch                 git-subtree-2.47.1-1.el9.x86_64
git-all-2.47.1-1.el9.noarch                   git-email-2.43.5-1.el9.noarch                 git-svn-2.39.1-1.el9.noarch
git-clang-format-18.1.6-3.el9.x86_64          git-email-2.47.1-1.el9.noarch                 git-svn-2.39.3-1.el9.noarch
git-clang-format-18.1.8-3.el9.x86_64          git-gui-2.39.1-1.el9.noarch                   git-svn-2.43.0-1.el9.noarch
git-clang-format-19.1.3-1.el9.x86_64          git-gui-2.39.3-1.el9.noarch                   git-svn-2.43.5-1.el9.noarch
git-clang-format-19.1.5-2.el9.x86_64          git-gui-2.43.0-1.el9.noarch                   git-svn-2.47.1-1.el9.noarch
git-clang-format-19.1.7-1.el9.x86_64          git-gui-2.43.5-1.el9.noarch                   gitweb-2.39.1-1.el9.noarch
git-core-2.39.1-1.el9.x86_64                  git-gui-2.47.1-1.el9.noarch                   gitweb-2.39.3-1.el9.noarch
git-core-2.39.3-1.el9.x86_64                  git-instaweb-2.39.1-1.el9.noarch              gitweb-2.43.0-1.el9.noarch
git-core-2.43.0-1.el9.x86_64                  git-instaweb-2.39.3-1.el9.noarch              gitweb-2.43.5-1.el9.noarch
git-core-2.43.5-1.el9.x86_64                  git-instaweb-2.43.0-1.el9.noarch              gitweb-2.47.1-1.el9.noarch
git-core-doc-2.39.1-1.el9.noarch              git-instaweb-2.43.5-1.el9.noarch              
git-core-doc-2.39.3-1.el9.noarch              git-instaweb-2.47.1-1.el9.noarch              
[sysadmin@centos ~]$ dnf install gi
giflib-5.2.1-9.el9.i686                       git-core-doc-2.43.0-1.el9.noarch              gitk-2.39.1-1.el9.noarch
gimp-2:2.99.8-2.el9.x86_64                    git-core-doc-2.43.5-1.el9.noarch              gitk-2.39.3-1.el9.noarch
gimp-2:2.99.8-3.el9.x86_64                    git-credential-libsecret-2.39.1-1.el9.x86_64  gitk-2.43.0-1.el9.noarch
gimp-libs-2:2.99.8-2.el9.i686                 git-credential-libsecret-2.39.3-1.el9.x86_64  gitk-2.43.5-1.el9.noarch
gimp-libs-2:2.99.8-2.el9.x86_64               git-credential-libsecret-2.43.0-1.el9.x86_64  gitk-2.47.1-1.el9.noarch
gimp-libs-2:2.99.8-3.el9.i686                 git-credential-libsecret-2.43.5-1.el9.x86_64  git-lfs-3.4.1-1.el9.x86_64
gimp-libs-2:2.99.8-3.el9.x86_64               git-credential-libsecret-2.47.1-1.el9.x86_64  git-lfs-3.4.1-2.el9.x86_64
git-2.39.1-1.el9.x86_64                       git-daemon-2.39.1-1.el9.x86_64                git-lfs-3.4.1-3.el9.x86_64
git-2.39.3-1.el9.x86_64                       git-daemon-2.39.3-1.el9.x86_64                git-lfs-3.6.0-1.el9.x86_64
git-2.43.0-1.el9.x86_64                       git-daemon-2.43.0-1.el9.x86_64                git-lfs-3.6.1-1.el9.x86_64
git-2.43.5-1.el9.x86_64                       git-daemon-2.43.5-1.el9.x86_64                git-subtree-2.39.1-1.el9.x86_64
git-all-2.39.1-1.el9.noarch                   git-daemon-2.47.1-1.el9.x86_64                git-subtree-2.39.3-1.el9.x86_64
git-all-2.39.3-1.el9.noarch                   git-email-2.39.1-1.el9.noarch                 git-subtree-2.43.0-1.el9.x86_64
git-all-2.43.0-1.el9.noarch                   git-email-2.39.3-1.el9.noarch                 git-subtree-2.43.5-1.el9.x86_64
git-all-2.43.5-1.el9.noarch                   git-email-2.43.0-1.el9.noarch                 git-subtree-2.47.1-1.el9.x86_64
git-all-2.47.1-1.el9.noarch                   git-email-2.43.5-1.el9.noarch                 git-svn-2.39.1-1.el9.noarch
git-clang-format-18.1.6-3.el9.x86_64          git-email-2.47.1-1.el9.noarch                 git-svn-2.39.3-1.el9.noarch
git-clang-format-18.1.8-3.el9.x86_64          git-gui-2.39.1-1.el9.noarch                   git-svn-2.43.0-1.el9.noarch
git-clang-format-19.1.3-1.el9.x86_64          git-gui-2.39.3-1.el9.noarch                   git-svn-2.43.5-1.el9.noarch
git-clang-format-19.1.5-2.el9.x86_64          git-gui-2.43.0-1.el9.noarch                   git-svn-2.47.1-1.el9.noarch
git-clang-format-19.1.7-1.el9.x86_64          git-gui-2.43.5-1.el9.noarch                   gitweb-2.39.1-1.el9.noarch
git-core-2.39.1-1.el9.x86_64                  git-gui-2.47.1-1.el9.noarch                   gitweb-2.39.3-1.el9.noarch
git-core-2.39.3-1.el9.x86_64                  git-instaweb-2.39.1-1.el9.noarch              gitweb-2.43.0-1.el9.noarch
git-core-2.43.0-1.el9.x86_64                  git-instaweb-2.39.3-1.el9.noarch              gitweb-2.43.5-1.el9.noarch
git-core-2.43.5-1.el9.x86_64                  git-instaweb-2.43.0-1.el9.noarch              gitweb-2.47.1-1.el9.noarch
git-core-doc-2.39.1-1.el9.noarch              git-instaweb-2.43.5-1.el9.noarch              
git-core-doc-2.39.3-1.el9.noarch              git-instaweb-2.47.1-1.el9.noarch              
[sysadmin@centos ~]$ dnf install gi
giflib-5.2.1-9.el9.i686                       git-core-doc-2.43.0-1.el9.noarch              gitk-2.39.1-1.el9.noarch
gimp-2:2.99.8-2.el9.x86_64                    git-core-doc-2.43.5-1.el9.noarch              gitk-2.39.3-1.el9.noarch
gimp-2:2.99.8-3.el9.x86_64                    git-credential-libsecret-2.39.1-1.el9.x86_64  gitk-2.43.0-1.el9.noarch
gimp-libs-2:2.99.8-2.el9.i686                 git-credential-libsecret-2.39.3-1.el9.x86_64  gitk-2.43.5-1.el9.noarch
gimp-libs-2:2.99.8-2.el9.x86_64               git-credential-libsecret-2.43.0-1.el9.x86_64  gitk-2.47.1-1.el9.noarch
gimp-libs-2:2.99.8-3.el9.i686                 git-credential-libsecret-2.43.5-1.el9.x86_64  git-lfs-3.4.1-1.el9.x86_64
gimp-libs-2:2.99.8-3.el9.x86_64               git-credential-libsecret-2.47.1-1.el9.x86_64  git-lfs-3.4.1-2.el9.x86_64
git-2.39.1-1.el9.x86_64                       git-daemon-2.39.1-1.el9.x86_64                git-lfs-3.4.1-3.el9.x86_64
git-2.39.3-1.el9.x86_64                       git-daemon-2.39.3-1.el9.x86_64                git-lfs-3.6.0-1.el9.x86_64
git-2.43.0-1.el9.x86_64                       git-daemon-2.43.0-1.el9.x86_64                git-lfs-3.6.1-1.el9.x86_64
git-2.43.5-1.el9.x86_64                       git-daemon-2.43.5-1.el9.x86_64                git-subtree-2.39.1-1.el9.x86_64
git-all-2.39.1-1.el9.noarch                   git-daemon-2.47.1-1.el9.x86_64                git-subtree-2.39.3-1.el9.x86_64
git-all-2.39.3-1.el9.noarch                   git-email-2.39.1-1.el9.noarch                 git-subtree-2.43.0-1.el9.x86_64
git-all-2.43.0-1.el9.noarch                   git-email-2.39.3-1.el9.noarch                 git-subtree-2.43.5-1.el9.x86_64
git-all-2.43.5-1.el9.noarch                   git-email-2.43.0-1.el9.noarch                 git-subtree-2.47.1-1.el9.x86_64
git-all-2.47.1-1.el9.noarch                   git-email-2.43.5-1.el9.noarch                 git-svn-2.39.1-1.el9.noarch
git-clang-format-18.1.6-3.el9.x86_64          git-email-2.47.1-1.el9.noarch                 git-svn-2.39.3-1.el9.noarch
git-clang-format-18.1.8-3.el9.x86_64          git-gui-2.39.1-1.el9.noarch                   git-svn-2.43.0-1.el9.noarch
git-clang-format-19.1.3-1.el9.x86_64          git-gui-2.39.3-1.el9.noarch                   git-svn-2.43.5-1.el9.noarch
git-clang-format-19.1.5-2.el9.x86_64          git-gui-2.43.0-1.el9.noarch                   git-svn-2.47.1-1.el9.noarch
git-clang-format-19.1.7-1.el9.x86_64          git-gui-2.43.5-1.el9.noarch                   gitweb-2.39.1-1.el9.noarch
git-core-2.39.1-1.el9.x86_64                  git-gui-2.47.1-1.el9.noarch                   gitweb-2.39.3-1.el9.noarch
git-core-2.39.3-1.el9.x86_64                  git-instaweb-2.39.1-1.el9.noarch              gitweb-2.43.0-1.el9.noarch
git-core-2.43.0-1.el9.x86_64                  git-instaweb-2.39.3-1.el9.noarch              gitweb-2.43.5-1.el9.noarch
git-core-2.43.5-1.el9.x86_64                  git-instaweb-2.43.0-1.el9.noarch              gitweb-2.47.1-1.el9.noarch
git-core-doc-2.39.1-1.el9.noarch              git-instaweb-2.43.5-1.el9.noarch              
git-core-doc-2.39.3-1.el9.noarch              git-instaweb-2.47.1-1.el9.noarch              
[sysadmin@centos ~]$ dnf install gi
giflib-5.2.1-9.el9.i686                       git-core-doc-2.43.0-1.el9.noarch              gitk-2.39.1-1.el9.noarch
gimp-2:2.99.8-2.el9.x86_64                    git-core-doc-2.43.5-1.el9.noarch              gitk-2.39.3-1.el9.noarch
gimp-2:2.99.8-3.el9.x86_64                    git-credential-libsecret-2.39.1-1.el9.x86_64  gitk-2.43.0-1.el9.noarch
gimp-libs-2:2.99.8-2.el9.i686                 git-credential-libsecret-2.39.3-1.el9.x86_64  gitk-2.43.5-1.el9.noarch
gimp-libs-2:2.99.8-2.el9.x86_64               git-credential-libsecret-2.43.0-1.el9.x86_64  gitk-2.47.1-1.el9.noarch
gimp-libs-2:2.99.8-3.el9.i686                 git-credential-libsecret-2.43.5-1.el9.x86_64  git-lfs-3.4.1-1.el9.x86_64
gimp-libs-2:2.99.8-3.el9.x86_64               git-credential-libsecret-2.47.1-1.el9.x86_64  git-lfs-3.4.1-2.el9.x86_64
git-2.39.1-1.el9.x86_64                       git-daemon-2.39.1-1.el9.x86_64                git-lfs-3.4.1-3.el9.x86_64
git-2.39.3-1.el9.x86_64                       git-daemon-2.39.3-1.el9.x86_64                git-lfs-3.6.0-1.el9.x86_64
git-2.43.0-1.el9.x86_64                       git-daemon-2.43.0-1.el9.x86_64                git-lfs-3.6.1-1.el9.x86_64
git-2.43.5-1.el9.x86_64                       git-daemon-2.43.5-1.el9.x86_64                git-subtree-2.39.1-1.el9.x86_64
git-all-2.39.1-1.el9.noarch                   git-daemon-2.47.1-1.el9.x86_64                git-subtree-2.39.3-1.el9.x86_64
git-all-2.39.3-1.el9.noarch                   git-email-2.39.1-1.el9.noarch                 git-subtree-2.43.0-1.el9.x86_64
git-all-2.43.0-1.el9.noarch                   git-email-2.39.3-1.el9.noarch                 git-subtree-2.43.5-1.el9.x86_64
git-all-2.43.5-1.el9.noarch                   git-email-2.43.0-1.el9.noarch                 git-subtree-2.47.1-1.el9.x86_64
git-all-2.47.1-1.el9.noarch                   git-email-2.43.5-1.el9.noarch                 git-svn-2.39.1-1.el9.noarch
git-clang-format-18.1.6-3.el9.x86_64          git-email-2.47.1-1.el9.noarch                 git-svn-2.39.3-1.el9.noarch
git-clang-format-18.1.8-3.el9.x86_64          git-gui-2.39.1-1.el9.noarch                   git-svn-2.43.0-1.el9.noarch
git-clang-format-19.1.3-1.el9.x86_64          git-gui-2.39.3-1.el9.noarch                   git-svn-2.43.5-1.el9.noarch
git-clang-format-19.1.5-2.el9.x86_64          git-gui-2.43.0-1.el9.noarch                   git-svn-2.47.1-1.el9.noarch
git-clang-format-19.1.7-1.el9.x86_64          git-gui-2.43.5-1.el9.noarch                   gitweb-2.39.1-1.el9.noarch
git-core-2.39.1-1.el9.x86_64                  git-gui-2.47.1-1.el9.noarch                   gitweb-2.39.3-1.el9.noarch
git-core-2.39.3-1.el9.x86_64                  git-instaweb-2.39.1-1.el9.noarch              gitweb-2.43.0-1.el9.noarch
git-core-2.43.0-1.el9.x86_64                  git-instaweb-2.39.3-1.el9.noarch              gitweb-2.43.5-1.el9.noarch
git-core-2.43.5-1.el9.x86_64                  git-instaweb-2.43.0-1.el9.noarch              gitweb-2.47.1-1.el9.noarch
git-core-doc-2.39.1-1.el9.noarch              git-instaweb-2.43.5-1.el9.noarch              
git-core-doc-2.39.3-1.el9.noarch              git-instaweb-2.47.1-1.el9.noarch              
[sysadmin@centos ~]$ dnf install git
git-2.39.1-1.el9.x86_64                       git-credential-libsecret-2.43.0-1.el9.x86_64  gitk-2.39.3-1.el9.noarch
git-2.39.3-1.el9.x86_64                       git-credential-libsecret-2.43.5-1.el9.x86_64  gitk-2.43.0-1.el9.noarch
git-2.43.0-1.el9.x86_64                       git-credential-libsecret-2.47.1-1.el9.x86_64  gitk-2.43.5-1.el9.noarch
git-2.43.5-1.el9.x86_64                       git-daemon-2.39.1-1.el9.x86_64                gitk-2.47.1-1.el9.noarch
git-all-2.39.1-1.el9.noarch                   git-daemon-2.39.3-1.el9.x86_64                git-lfs-3.4.1-1.el9.x86_64
git-all-2.39.3-1.el9.noarch                   git-daemon-2.43.0-1.el9.x86_64                git-lfs-3.4.1-2.el9.x86_64
git-all-2.43.0-1.el9.noarch                   git-daemon-2.43.5-1.el9.x86_64                git-lfs-3.4.1-3.el9.x86_64
git-all-2.43.5-1.el9.noarch                   git-daemon-2.47.1-1.el9.x86_64                git-lfs-3.6.0-1.el9.x86_64
git-all-2.47.1-1.el9.noarch                   git-email-2.39.1-1.el9.noarch                 git-lfs-3.6.1-1.el9.x86_64
git-clang-format-18.1.6-3.el9.x86_64          git-email-2.39.3-1.el9.noarch                 git-subtree-2.39.1-1.el9.x86_64
git-clang-format-18.1.8-3.el9.x86_64          git-email-2.43.0-1.el9.noarch                 git-subtree-2.39.3-1.el9.x86_64
git-clang-format-19.1.3-1.el9.x86_64          git-email-2.43.5-1.el9.noarch                 git-subtree-2.43.0-1.el9.x86_64
git-clang-format-19.1.5-2.el9.x86_64          git-email-2.47.1-1.el9.noarch                 git-subtree-2.43.5-1.el9.x86_64
git-clang-format-19.1.7-1.el9.x86_64          git-gui-2.39.1-1.el9.noarch                   git-subtree-2.47.1-1.el9.x86_64
git-core-2.39.1-1.el9.x86_64                  git-gui-2.39.3-1.el9.noarch                   git-svn-2.39.1-1.el9.noarch
git-core-2.39.3-1.el9.x86_64                  git-gui-2.43.0-1.el9.noarch                   git-svn-2.39.3-1.el9.noarch
git-core-2.43.0-1.el9.x86_64                  git-gui-2.43.5-1.el9.noarch                   git-svn-2.43.0-1.el9.noarch
git-core-2.43.5-1.el9.x86_64                  git-gui-2.47.1-1.el9.noarch                   git-svn-2.43.5-1.el9.noarch
git-core-doc-2.39.1-1.el9.noarch              git-instaweb-2.39.1-1.el9.noarch              git-svn-2.47.1-1.el9.noarch
git-core-doc-2.39.3-1.el9.noarch              git-instaweb-2.39.3-1.el9.noarch              gitweb-2.39.1-1.el9.noarch
git-core-doc-2.43.0-1.el9.noarch              git-instaweb-2.43.0-1.el9.noarch              gitweb-2.39.3-1.el9.noarch
git-core-doc-2.43.5-1.el9.noarch              git-instaweb-2.43.5-1.el9.noarch              gitweb-2.43.0-1.el9.noarch
git-credential-libsecret-2.39.1-1.el9.x86_64  git-instaweb-2.47.1-1.el9.noarch              gitweb-2.43.5-1.el9.noarch
git-credential-libsecret-2.39.3-1.el9.x86_64  gitk-2.39.1-1.el9.noarch                      gitweb-2.47.1-1.el9.noarch
[sysadmin@centos ~]$ dnf install git
Error: This command has to be run with superuser privileges (under the root user on most systems).
[sysadmin@centos ~]$ sudo dnf install git
Last metadata expiration check: 3:32:35 ago on Sat 22 Feb 2025 05:04:59 PM -03.
Package git-2.47.1-1.el9.x86_64 is already installed.
Dependencies resolved.
Nothing to do.
Complete!
[sysadmin@centos ~]$ sudo dnf install git-
git-all-2.39.1-1.el9.noarch                   git-credential-libsecret-2.43.0-1.el9.x86_64  git-instaweb-2.43.0-1.el9.noarch
git-all-2.39.3-1.el9.noarch                   git-credential-libsecret-2.43.5-1.el9.x86_64  git-instaweb-2.43.5-1.el9.noarch
git-all-2.43.0-1.el9.noarch                   git-credential-libsecret-2.47.1-1.el9.x86_64  git-instaweb-2.47.1-1.el9.noarch
git-all-2.43.5-1.el9.noarch                   git-daemon-2.39.1-1.el9.x86_64                git-lfs-3.4.1-1.el9.x86_64
git-all-2.47.1-1.el9.noarch                   git-daemon-2.39.3-1.el9.x86_64                git-lfs-3.4.1-2.el9.x86_64
git-clang-format-18.1.6-3.el9.x86_64          git-daemon-2.43.0-1.el9.x86_64                git-lfs-3.4.1-3.el9.x86_64
git-clang-format-18.1.8-3.el9.x86_64          git-daemon-2.43.5-1.el9.x86_64                git-lfs-3.6.0-1.el9.x86_64
git-clang-format-19.1.3-1.el9.x86_64          git-daemon-2.47.1-1.el9.x86_64                git-lfs-3.6.1-1.el9.x86_64
git-clang-format-19.1.5-2.el9.x86_64          git-email-2.39.1-1.el9.noarch                 git-subtree-2.39.1-1.el9.x86_64
git-clang-format-19.1.7-1.el9.x86_64          git-email-2.39.3-1.el9.noarch                 git-subtree-2.39.3-1.el9.x86_64
git-core-2.39.1-1.el9.x86_64                  git-email-2.43.0-1.el9.noarch                 git-subtree-2.43.0-1.el9.x86_64
git-core-2.39.3-1.el9.x86_64                  git-email-2.43.5-1.el9.noarch                 git-subtree-2.43.5-1.el9.x86_64
git-core-2.43.0-1.el9.x86_64                  git-email-2.47.1-1.el9.noarch                 git-subtree-2.47.1-1.el9.x86_64
git-core-2.43.5-1.el9.x86_64                  git-gui-2.39.1-1.el9.noarch                   git-svn-2.39.1-1.el9.noarch
git-core-doc-2.39.1-1.el9.noarch              git-gui-2.39.3-1.el9.noarch                   git-svn-2.39.3-1.el9.noarch
git-core-doc-2.39.3-1.el9.noarch              git-gui-2.43.0-1.el9.noarch                   git-svn-2.43.0-1.el9.noarch
git-core-doc-2.43.0-1.el9.noarch              git-gui-2.43.5-1.el9.noarch                   git-svn-2.43.5-1.el9.noarch
git-core-doc-2.43.5-1.el9.noarch              git-gui-2.47.1-1.el9.noarch                   git-svn-2.47.1-1.el9.noarch
git-credential-libsecret-2.39.1-1.el9.x86_64  git-instaweb-2.39.1-1.el9.noarch              
git-credential-libsecret-2.39.3-1.el9.x86_64  git-instaweb-2.39.3-1.el9.noarch              
[sysadmin@centos ~]$ sudo dnf install git-
Last metadata expiration check: 3:32:45 ago on Sat 22 Feb 2025 05:04:59 PM -03.
No match for argument: git-
Error: Unable to find a match: git-
[sysadmin@centos ~]$ git clone git@github.com:MV288481/obligatorio2025.git
Cloning into 'obligatorio2025'...
The authenticity of host 'github.com (20.201.28.151)' can't be established.
ED25519 key fingerprint is SHA256:+DiY3wvvV6TuJJhbpZisF/zLDA0zPMSvHdkr4UvCOqU.
This key is not known by any other names
Are you sure you want to continue connecting (yes/no/[fingerprint])? y
Please type 'yes', 'no' or the fingerprint: yes
Warning: Permanently added 'github.com' (ED25519) to the list of known hosts.
remote: Enumerating objects: 7, done.
remote: Counting objects: 100% (7/7), done.
remote: Compressing objects: 100% (7/7), done.
remote: Total 7 (delta 1), reused 0 (delta 0), pack-reused 0 (from 0)
Receiving objects: 100% (7/7), 4.67 KiB | 4.67 MiB/s, done.
Resolving deltas: 100% (1/1), done.
[sysadmin@centos ~]$ ls 
Desktop  Documents  Downloads  Music  obligatorio2025  Pictures  Public  Templates  Videos
[sysadmin@centos ~]$ tree *
Desktop
Documents
Downloads
Music
obligatorio2025
├── LICENSE
└── README.md
Pictures
Public
Templates
Videos

0 directories, 2 files
[sysadmin@centos ~]$ git sta
stage    stash    status   
[sysadmin@centos ~]$ git sta
stage    stash    status   
[sysadmin@centos ~]$ git status 
fatal: not a git repository (or any parent up to mount point /)
Stopping at filesystem boundary (GIT_DISCOVERY_ACROSS_FILESYSTEM not set).
[sysadmin@centos ~]$ cd obligatorio2025/
[sysadmin@centos obligatorio2025]$ git status 
On branch main
Your branch is up to date with 'origin/main'.

nothing to commit, working tree clean
[sysadmin@centos obligatorio2025]$ exit
exit
There are stopped jobs.
[sysadmin@centos obligatorio2025]$ cd /
[sysadmin@centos /]$ ls
afs  bin  boot  dev  etc  home  lib  lib64  media  mnt  opt  proc  root  run  sbin  srv  sys  tmp  usr  var
[sysadmin@centos /]$ cd ~
[sysadmin@centos ~]$ ls 
Desktop  Documents  Downloads  Music  obligatorio2025  Pictures  Public  Templates  Videos
[sysadmin@centos ~]$ sudo dnf install python-pip
[sudo] password for sysadmin: 
Last metadata expiration check: 3:38:52 ago on Sat 22 Feb 2025 05:04:59 PM -03.
Dependencies resolved.
==============================================================================================================================================================
 Package                                Architecture                      Version                                  Repository                            Size
==============================================================================================================================================================
Installing:
 python3-pip                            noarch                            21.3.1-1.el9                             appstream                            2.0 M

Transaction Summary
==============================================================================================================================================================
Install  1 Package

Total download size: 2.0 M
Installed size: 8.8 M
Is this ok [y/N]: y
Downloading Packages:
python3-pip-21.3.1-1.el9.noarch.rpm                                                                                           849 kB/s | 2.0 MB     00:02    
--------------------------------------------------------------------------------------------------------------------------------------------------------------
Total                                                                                                                         408 kB/s | 2.0 MB     00:05     
Running transaction check
Transaction check succeeded.
Running transaction test
Transaction test succeeded.
Running transaction
  Preparing        :                                                                                                                                      1/1 
  Installing       : python3-pip-21.3.1-1.el9.noarch                                                                                                      1/1 
  Running scriptlet: python3-pip-21.3.1-1.el9.noarch                                                                                                      1/1 
  Verifying        : python3-pip-21.3.1-1.el9.noarch                                                                                                      1/1 

Installed:
  python3-pip-21.3.1-1.el9.noarch                                                                                                                             

Complete!
[sysadmin@centos ~]$ ip a
1: lo: <LOOPBACK,UP,LOWER_UP> mtu 65536 qdisc noqueue state UNKNOWN group default qlen 1000
    link/loopback 00:00:00:00:00:00 brd 00:00:00:00:00:00
    inet 127.0.0.1/8 scope host lo
       valid_lft forever preferred_lft forever
    inet6 ::1/128 scope host 
       valid_lft forever preferred_lft forever
2: enp0s3: <BROADCAST,MULTICAST,UP,LOWER_UP> mtu 1500 qdisc fq_codel state UP group default qlen 1000
    link/ether 08:00:27:8e:57:46 brd ff:ff:ff:ff:ff:ff
    inet 10.0.2.15/24 brd 10.0.2.255 scope global dynamic noprefixroute enp0s3
       valid_lft 83542sec preferred_lft 83542sec
    inet6 fd00::a00:27ff:fe8e:5746/64 scope global dynamic noprefixroute 
       valid_lft 86373sec preferred_lft 14373sec
    inet6 fe80::a00:27ff:fe8e:5746/64 scope link noprefixroute 
       valid_lft forever preferred_lft forever
3: enp0s8: <BROADCAST,MULTICAST,UP,LOWER_UP> mtu 1500 qdisc fq_codel state UP group default qlen 1000
    link/ether 08:00:27:41:c6:6c brd ff:ff:ff:ff:ff:ff
    inet 192.168.56.20/24 brd 192.168.56.255 scope global noprefixroute enp0s8
       valid_lft forever preferred_lft forever
    inet6 fe80::a00:27ff:fe41:c66c/64 scope link noprefixroute 
       valid_lft forever preferred_lft forever
[sysadmin@centos ~]$ sudo dnf search ansible
Last metadata expiration check: 3:41:22 ago on Sat 22 Feb 2025 05:04:59 PM -03.
============================================================== Name & Summary Matched: ansible ===============================================================
ansible-collection-microsoft-sql.noarch : The Ansible collection for Microsoft SQL Server management
ansible-collection-redhat-rhel_mgmt.noarch : Ansible Collection of general system management and utility modules and other plugins
ansible-freeipa-collection.noarch : freeipa.ansible_freeipa collection
ansible-freeipa-tests.noarch : ansible-freeipa tests
ansible-pcp.noarch : Ansible Metric collection for Performance Co-Pilot
ansible-test.x86_64 : Tool for testing ansible plugin and module code
=================================================================== Name Matched: ansible ====================================================================
ansible-core.x86_64 : SSH-based configuration management, deployment, and task execution system
ansible-freeipa.noarch : Roles and playbooks to deploy FreeIPA servers, replicas and clients
[sysadmin@centos ~]$ sudo dnf search epel
Last metadata expiration check: 3:46:10 ago on Sat 22 Feb 2025 05:04:59 PM -03.
===================================================================== Name Matched: epel =====================================================================
epel-next-release.noarch : Extra Packages for Enterprise Linux Next repository configuration
epel-release.noarch : Extra Packages for Enterprise Linux repository configuration
[sysadmin@centos ~]$ sudo dnf install epel
Last metadata expiration check: 3:46:28 ago on Sat 22 Feb 2025 05:04:59 PM -03.
No match for argument: epel
Error: Unable to find a match: epel
[sysadmin@centos ~]$ sudo dnf install epel
Last metadata expiration check: 3:46:37 ago on Sat 22 Feb 2025 05:04:59 PM -03.
No match for argument: epel
Error: Unable to find a match: epel
[sysadmin@centos ~]$ sudo dnf install epel-relase
Last metadata expiration check: 3:47:35 ago on Sat 22 Feb 2025 05:04:59 PM -03.
No match for argument: epel-relase
Error: Unable to find a match: epel-relase
[sysadmin@centos ~]$ sudo dnf install epel-release
Last metadata expiration check: 3:47:43 ago on Sat 22 Feb 2025 05:04:59 PM -03.
Dependencies resolved.
==============================================================================================================================================================
 Package                                     Architecture                     Version                           Repository                               Size
==============================================================================================================================================================
Installing:
 epel-release                                noarch                           9-7.el9                           extras-common                            19 k
Installing weak dependencies:
 epel-next-release                           noarch                           9-7.el9                           extras-common                           8.1 k

Transaction Summary
==============================================================================================================================================================
Install  2 Packages

Total download size: 27 k
Installed size: 29 k
Is this ok [y/N]: y
Downloading Packages:
(1/2): epel-next-release-9-7.el9.noarch.rpm                                                                                   9.9 kB/s | 8.1 kB     00:00    
(2/2): epel-release-9-7.el9.noarch.rpm                                                                                         19 kB/s |  19 kB     00:01    
--------------------------------------------------------------------------------------------------------------------------------------------------------------
Total                                                                                                                         6.8 kB/s |  27 kB     00:03     
CentOS Stream 9 - Extras packages                                                                                             223 kB/s | 2.1 kB     00:00    
Importing GPG key 0x1D997668:
 Userid     : "CentOS Extras SIG (https://wiki.centos.org/SpecialInterestGroup) <security@centos.org>"
 Fingerprint: 363F C097 2F64 B699 AED3 968E 1FF6 A217 1D99 7668
 From       : /etc/pki/rpm-gpg/RPM-GPG-KEY-CentOS-SIG-Extras-SHA512
Is this ok [y/N]: y
Key imported successfully
Running transaction check
Transaction check succeeded.
Running transaction test
Transaction test succeeded.
Running transaction
  Preparing        :                                                                                                                                      1/1 
  Installing       : epel-release-9-7.el9.noarch                                                                                                          1/2 
  Running scriptlet: epel-release-9-7.el9.noarch                                                                                                          1/2 
Many EPEL packages require the CodeReady Builder (CRB) repository.
It is recommended that you run /usr/bin/crb enable to enable the CRB repository.

  Installing       : epel-next-release-9-7.el9.noarch                                                                                                     2/2 
  Running scriptlet: epel-next-release-9-7.el9.noarch                                                                                                     2/2 
  Verifying        : epel-next-release-9-7.el9.noarch                                                                                                     1/2 
  Verifying        : epel-release-9-7.el9.noarch                                                                                                          2/2 

Installed:
  epel-next-release-9-7.el9.noarch                                                 epel-release-9-7.el9.noarch                                                

Complete!
[sysadmin@centos ~]$ sudo dnf search ansible
Extra Packages for Enterprise Linux 9 - x86_64                                                                                620 kB/s |  23 MB     00:38    
Extra Packages for Enterprise Linux 9 openh264 (From Cisco) - x86_64                                                          762  B/s | 2.5 kB     00:03    
Extra Packages for Enterprise Linux 9 - Next - x86_64                                                                          92 kB/s | 234 kB     00:02    
Last metadata expiration check: 0:00:01 ago on Sat 22 Feb 2025 08:55:40 PM -03.
============================================================== Name & Summary Matched: ansible ===============================================================
ansible.noarch : Curated set of Ansible collections included in addition to ansible-core
ansible-collection-ansible-posix.noarch : Ansible Collection targeting POSIX and POSIX-ish platforms
ansible-collection-ansible-utils.noarch : Ansible Network Collection for Common Code
ansible-collection-ansible-windows.noarch : Windows core collection for Ansible
ansible-collection-awx-awx.noarch : Ansible modules and plugins for working with AWX
ansible-collection-chocolatey-chocolatey.noarch : Ansible collection for Chocolatey
ansible-collection-community-crypto.noarch : The community.crypto collection for Ansible
ansible-collection-community-docker.noarch : Ansible modules and plugins for working with Docker
ansible-collection-community-general.noarch : Modules and plugins supported by Ansible community
ansible-collection-community-mysql.noarch : MySQL collection for Ansible
ansible-collection-community-postgresql.noarch : Manage PostgreSQL with Ansible
ansible-collection-community-rabbitmq.noarch : RabbitMQ collection for Ansible
ansible-collection-containers-podman.noarch : Podman Ansible collection for Podman containers
ansible-collection-mdellweg-filters.noarch : An Ansible collection of random filters I missed at some point
ansible-collection-microsoft-sql.noarch : The Ansible collection for Microsoft SQL Server management
ansible-collection-netbox-netbox.noarch : Netbox modules for Ansible
ansible-collection-redhat-rhel_mgmt.noarch : Ansible Collection of general system management and utility modules and other plugins
ansible-freeipa-collection.noarch : freeipa.ansible_freeipa collection
ansible-freeipa-tests.noarch : ansible-freeipa tests
ansible-packaging.noarch : RPM packaging macros and generators for Ansible collections
ansible-packaging-tests.noarch : Dependencies for Ansible collection package unit tests
ansible-pcp.noarch : Ansible Metric collection for Performance Co-Pilot
ansible-srpm-macros.noarch : SRPM stage RPM packaging macros for Ansible collections
ansible-test.x86_64 : Tool for testing ansible plugin and module code
python3-ansible-lint.noarch : Best practices checker for Ansible
python3-ansible-pylibssh.x86_64 : Python bindings specific to Ansible use case for libssh
python3-pytest-testinfra+ansible.noarch : Metapackage for python3-pytest-testinfra: ansible extras
vim-ansible.noarch : Vim plugin for syntax highlighting ansible's common filetypes
=================================================================== Name Matched: ansible ====================================================================
ansible-collection-community-libvirt.noarch : Manages virtual machines supported by libvirt
ansible-collection-pulp-pulp_installer.noarch : A collection of roles to install or upgrade Pulp 3
ansible-collection-pulp-pulp_installer-doc.noarch : Documentation for the pulp.pulp_installer collection
ansible-core.x86_64 : SSH-based configuration management, deployment, and task execution system
ansible-freeipa.noarch : Roles and playbooks to deploy FreeIPA servers, replicas and clients
================================================================== Summary Matched: ansible ==================================================================
standard-test-roles.noarch : Standard Test Interface Ansible roles
[sysadmin@centos ~]$ sudo dnf install python-pip
Last metadata expiration check: 0:01:40 ago on Sat 22 Feb 2025 08:55:40 PM -03.
Package python3-pip-21.3.1-1.el9.noarch is already installed.
Dependencies resolved.
Nothing to do.
Complete!
[sysadmin@centos ~]$ sudo dnf search nano
Last metadata expiration check: 0:02:48 ago on Sat 22 Feb 2025 08:55:40 PM -03.
================================================================= Name Exactly Matched: nano =================================================================
nano.x86_64 : A small text editor
================================================================ Name & Summary Matched: nano ================================================================
nanomsg-devel.x86_64 : Development files for nanomsg
nanomsg-doc.x86_64 : Documentation for nanomsg
===================================================================== Name Matched: nano =====================================================================
nanomsg.x86_64 : Socket library that provides several common communication patterns
rust-flume+nanorand-devel.noarch : Blazingly fast multi-producer channel
rust-nanorand+alloc-devel.noarch : Tiny, fast, zero-dep library for random number generation
rust-nanorand+chacha-devel.noarch : Tiny, fast, zero-dep library for random number generation
rust-nanorand+default-devel.noarch : Tiny, fast, zero-dep library for random number generation
rust-nanorand+getrandom-devel.noarch : Tiny, fast, zero-dep library for random number generation
rust-nanorand+pcg64-devel.noarch : Tiny, fast, zero-dep library for random number generation
rust-nanorand+rdseed-devel.noarch : Tiny, fast, zero-dep library for random number generation
rust-nanorand+std-devel.noarch : Tiny, fast, zero-dep library for random number generation
rust-nanorand+tls-devel.noarch : Tiny, fast, zero-dep library for random number generation
rust-nanorand+wyrand-devel.noarch : Tiny, fast, zero-dep library for random number generation
rust-nanorand+zeroize-devel.noarch : Tiny, fast, zero-dep library for random number generation
rust-nanorand-devel.noarch : Tiny, fast, zero-dep library for random number generation
[sysadmin@centos ~]$ sudo dnf install nano
Last metadata expiration check: 0:03:18 ago on Sat 22 Feb 2025 08:55:40 PM -03.
Package nano-5.6.1-7.el9.x86_64 is already installed.
Dependencies resolved.
Nothing to do.
Complete!
[sysadmin@centos ~]$ pip install pipx
Defaulting to user installation because normal site-packages is not writeable
Collecting pipx
  Downloading pipx-1.7.1-py3-none-any.whl (78 kB)
     |████████████████████████████████| 78 kB 724 kB/s            
Collecting platformdirs>=2.1
  Downloading platformdirs-4.3.6-py3-none-any.whl (18 kB)
Collecting tomli
  Downloading tomli-2.2.1-py3-none-any.whl (14 kB)
Collecting userpath!=1.9,>=1.6
  Downloading userpath-1.9.2-py3-none-any.whl (9.1 kB)
Collecting argcomplete>=1.9.4
  Downloading argcomplete-3.5.3-py3-none-any.whl (43 kB)
     |████████████████████████████████| 43 kB 387 kB/s            
Collecting packaging>=20
  Downloading packaging-24.2-py3-none-any.whl (65 kB)
     |████████████████████████████████| 65 kB 185 kB/s            
Collecting click
  Downloading click-8.1.8-py3-none-any.whl (98 kB)
     |████████████████████████████████| 98 kB 469 kB/s            
Installing collected packages: click, userpath, tomli, platformdirs, packaging, argcomplete, pipx
Successfully installed argcomplete-3.5.3 click-8.1.8 packaging-24.2 pipx-1.7.1 platformdirs-4.3.6 tomli-2.2.1 userpath-1.9.2
[sysadmin@centos ~]$ pipx ensurepath
/home/sysadmin/.local/bin is already in PATH.

⚠️  All pipx binary directories have been appended to PATH. If you are sure you want to proceed, try again with the '--force' flag.

Otherwise pipx is ready to go! ✨ 🌟 ✨
[sysadmin@centos ~]$ pipx ansible-core
usage: pipx [-h] [--quiet] [--verbose] [--global] [--version]
            {install,install-all,uninject,inject,pin,unpin,upgrade,upgrade-all,upgrade-shared,uninstall,uninstall-all,reinstall,reinstall-all,list,interpreter,run,runpip,ensurepath,environment,completions}
            ...
pipx: error: argument command: invalid choice: 'ansible-core' (choose from 'install', 'install-all', 'uninject', 'inject', 'pin', 'unpin', 'upgrade', 'upgrade-all', 'upgrade-shared', 'uninstall', 'uninstall-all', 'reinstall', 'reinstall-all', 'list', 'interpreter', 'run', 'runpip', 'ensurepath', 'environment', 'completions')
[sysadmin@centos ~]$ pipx install ansible-core
  installed package ansible-core 2.15.13, installed using Python 3.9.21
  These apps are now globally available
    - ansible
    - ansible-config
    - ansible-connection
    - ansible-console
    - ansible-doc
    - ansible-galaxy
    - ansible-inventory
    - ansible-playbook
    - ansible-pull
    - ansible-test
    - ansible-vault
done! ✨ 🌟 ✨
[sysadmin@centos ~]$  pipx inject ansible-core argcomplete
  injected package argcomplete into venv ansible-core
done! ✨ 🌟 ✨
[sysadmin@centos ~]$  pipx inject ansible-core ansible-lint
  injected package ansible-lint into venv ansible-core
done! ✨ 🌟 ✨
[sysadmin@centos ~]$ ac
ac                                  accton                              activate-global-python-argcomplete  
accessdb                            aconnect                            
[sysadmin@centos ~]$ ac
ac                                  accton                              activate-global-python-argcomplete  
accessdb                            aconnect                            
[sysadmin@centos ~]$ activate-global-python-argcomplete --user
Argcomplete was installed in the user site local directory. Defaulting to user installation.
Adding shellcode to /home/sysadmin/.zshenv...
Added.
Adding shellcode to /home/sysadmin/.bash_completion...
Added.
Please restart your shell or source the installed file to activate it.
[sysadmin@centos ~]$ . ~/.bash_completion 
[sysadmin@centos ~]$ tree *
Desktop
Documents
Downloads
Music
obligatorio2025
├── LICENSE
└── README.md
Pictures
Public
Templates
Videos

0 directories, 2 files
[sysadmin@centos ~]$ ansible --version
ansible [core 2.15.13]
  config file = None
  configured module search path = ['/home/sysadmin/.ansible/plugins/modules', '/usr/share/ansible/plugins/modules']
  ansible python module location = /home/sysadmin/.local/share/pipx/venvs/ansible-core/lib64/python3.9/site-packages/ansible
  ansible collection location = /home/sysadmin/.ansible/collections:/usr/share/ansible/collections
  executable location = /home/sysadmin/.local/bin/ansible
  python version = 3.9.21 (main, Dec  4 2024, 00:00:00) [GCC 11.5.0 20240719 (Red Hat 11.5.0-2)] (/home/sysadmin/.local/share/pipx/venvs/ansible-core/bin/python)
  jinja version = 3.1.5
  libyaml = True
[sysadmin@centos ~]$ cd obligatorio2025/
[sysadmin@centos obligatorio2025]$ ls
LICENSE  README.md
[sysadmin@centos obligatorio2025]$ mkdir inventories
[sysadmin@centos obligatorio2025]$ nano inventories/servidores.ini
[sysadmin@centos obligatorio2025]$ tree *
inventories
└── inventory.ini
LICENSE [error opening dir]
README.md [error opening dir]

0 directories, 1 file
[sysadmin@centos obligatorio2025]$ ansible all -i inventories/inventory.ini -m ping 
[WARNING]:  * Failed to parse /home/sysadmin/obligatorio2025/inventories/inventory.ini with ini plugin:
/home/sysadmin/obligatorio2025/inventories/inventory.ini:7: Section [linux:child] has unknown type: child
[WARNING]: Unable to parse /home/sysadmin/obligatorio2025/inventories/inventory.ini as an inventory source
[WARNING]: No inventory was parsed, only implicit localhost is available
[WARNING]: provided hosts list is empty, only localhost is available. Note that the implicit localhost does not match 'all'
[sysadmin@centos obligatorio2025]$ rm inventories/
rm: cannot remove 'inventories/': Is a directory
[sysadmin@centos obligatorio2025]$ rm inventories/inventory.ini 
[sysadmin@centos obligatorio2025]$ rm inventories/
rm: cannot remove 'inventories/': Is a directory
[sysadmin@centos obligatorio2025]$ nano inventories/inventory.ini
[sysadmin@centos obligatorio2025]$ ansible all -i inventories/inventory.ini -m ping 
The authenticity of host '192.168.56.20 (192.168.56.20)' can't be established.
ED25519 key fingerprint is SHA256:cgNoep6shY+QI7yXA+OFgE/ASf+/QeSmQt0qh+NfMS8.
This key is not known by any other names
Are you sure you want to continue connecting (yes/no/[fingerprint])? ubuntu-srv | SUCCESS => {
    "ansible_facts": {
        "discovered_interpreter_python": "/usr/bin/python3"
    },
    "changed": false,
    "ping": "pong"
}

centos-srv | UNREACHABLE! => {
    "changed": false,
    "msg": "Failed to connect to the host via ssh: Host key verification failed.",
    "unreachable": true
}
[sysadmin@centos obligatorio2025]$ nano inventories/inventory.ini
[sysadmin@centos obligatorio2025]$ ansible all -i inventories/inventory.ini -m ping 
[WARNING]:  * Failed to parse /home/sysadmin/obligatorio2025/inventories/inventory.ini with ini plugin:
/home/sysadmin/obligatorio2025/inventories/inventory.ini:12: Expected key=value, got: ansible_user: sysadmin
[WARNING]: Unable to parse /home/sysadmin/obligatorio2025/inventories/inventory.ini as an inventory source
[WARNING]: No inventory was parsed, only implicit localhost is available
[WARNING]: provided hosts list is empty, only localhost is available. Note that the implicit localhost does not match 'all'
[sysadmin@centos obligatorio2025]$ nano inventories/inventory.ini
[sysadmin@centos obligatorio2025]$ ssh-copy-id sysadmin@192.168.56.10
/usr/bin/ssh-copy-id: INFO: attempting to log in with the new key(s), to filter out any that are already installed

/usr/bin/ssh-copy-id: WARNING: All keys were skipped because they already exist on the remote system.
		(if you think this is a mistake, you may want to use -f option)

[sysadmin@centos obligatorio2025]$ ssh-copy-id sysadmin@192.168.56.20
The authenticity of host '192.168.56.20 (192.168.56.20)' can't be established.
ED25519 key fingerprint is SHA256:cgNoep6shY+QI7yXA+OFgE/ASf+/QeSmQt0qh+NfMS8.
This key is not known by any other names
Are you sure you want to continue connecting (yes/no/[fingerprint])? y
Please type 'yes', 'no' or the fingerprint: yes
/usr/bin/ssh-copy-id: INFO: attempting to log in with the new key(s), to filter out any that are already installed
/usr/bin/ssh-copy-id: INFO: 1 key(s) remain to be installed -- if you are prompted now it is to install the new keys
sysadmin@192.168.56.20's password: 
Permission denied, please try again.
sysadmin@192.168.56.20's password: 
Permission denied, please try again.
sysadmin@192.168.56.20's password: 

Number of key(s) added: 1

Now try logging into the machine, with:   "ssh 'sysadmin@192.168.56.20'"
and check to make sure that only the key(s) you wanted were added.

[sysadmin@centos obligatorio2025]$ ansible all -i inventories/inventory.ini -m ping 
ubuntu-srv | SUCCESS => {
    "ansible_facts": {
        "discovered_interpreter_python": "/usr/bin/python3"
    },
    "changed": false,
    "ping": "pong"
}
centos-srv | SUCCESS => {
    "ansible_facts": {
        "discovered_interpreter_python": "/usr/bin/python3"
    },
    "changed": false,
    "ping": "pong"
}
[sysadmin@centos obligatorio2025]$ nano inventories/inventory.ini
[sysadmin@centos obligatorio2025]$ git add .
[sysadmin@centos obligatorio2025]$ git commit -m "Se realizo la creación del repositorio y del inventario"
Author identity unknown

*** Please tell me who you are.

Run

  git config --global user.email "you@example.com"
  git config --global user.name "Your Name"

to set your account's default identity.
Omit --global to set the identity only in this repository.

fatal: unable to auto-detect email address (got 'sysadmin@centos.(none)')
[sysadmin@centos obligatorio2025]$ git config status
error: key does not contain a section: status
[sysadmin@centos obligatorio2025]$ git config --list
user.name=Sol Varietti
user.mail=MV288481@fi365.ort.edu.uy
color.ui=true
core.repositoryformatversion=0
core.filemode=true
core.bare=false
core.logallrefupdates=true
remote.origin.url=git@github.com:MV288481/obligatorio2025.git
remote.origin.fetch=+refs/heads/*:refs/remotes/origin/*
branch.main.remote=origin
branch.main.merge=refs/heads/main
[sysadmin@centos obligatorio2025]$ git config --global user.name "Sol Varietti"
[sysadmin@centos obligatorio2025]$ git config --global user.mail "mv288481@fi365.ort.edu.uy"
[sysadmin@centos obligatorio2025]$ git config --list
user.name=Sol Varietti
user.mail=mv288481@fi365.ort.edu.uy
color.ui=true
core.repositoryformatversion=0
core.filemode=true
core.bare=false
core.logallrefupdates=true
remote.origin.url=git@github.com:MV288481/obligatorio2025.git
remote.origin.fetch=+refs/heads/*:refs/remotes/origin/*
branch.main.remote=origin
branch.main.merge=refs/heads/main
[sysadmin@centos obligatorio2025]$ git commit -m "Se realizo la creación del repositorio y del inventario"
Author identity unknown

*** Please tell me who you are.

Run

  git config --global user.email "you@example.com"
  git config --global user.name "Your Name"

to set your account's default identity.
Omit --global to set the identity only in this repository.

fatal: unable to auto-detect email address (got 'sysadmin@centos.(none)')
[sysadmin@centos obligatorio2025]$ git config user.mail "mv288481@fi365.ort.edu.uy"
[sysadmin@centos obligatorio2025]$ git config user.name "Sol Varietti"
[sysadmin@centos obligatorio2025]$ git commit -m "Se realizo la creación del repositorio y del inventario"
Author identity unknown

*** Please tell me who you are.

Run

  git config --global user.email "you@example.com"
  git config --global user.name "Your Name"

to set your account's default identity.
Omit --global to set the identity only in this repository.

fatal: unable to auto-detect email address (got 'sysadmin@centos.(none)')
[sysadmin@centos obligatorio2025]$ git add .
[sysadmin@centos obligatorio2025]$ git commit -m "Se realizo la creación del repositorio y del inventario"
Author identity unknown

*** Please tell me who you are.

Run

  git config --global user.email "you@example.com"
  git config --global user.name "Your Name"

to set your account's default identity.
Omit --global to set the identity only in this repository.

fatal: unable to auto-detect email address (got 'sysadmin@centos.(none)')
[sysadmin@centos obligatorio2025]$ git config 
edit             get              list             remove-section   rename-section   set              unset            
[sysadmin@centos obligatorio2025]$ git config 
edit             get              list             remove-section   rename-section   set              unset            
[sysadmin@centos obligatorio2025]$ git config edit
[sysadmin@centos obligatorio2025]$ git config rename-section 
error: wrong number of arguments, should be 2
[sysadmin@centos obligatorio2025]$ git config get
error: wrong number of arguments, should be 1
[sysadmin@centos obligatorio2025]$ git config set
error: wrong number of arguments, should be 2
[sysadmin@centos obligatorio2025]$ git config --global --list
user.name=Sol Varietti
user.mail=mv288481@fi365.ort.edu.uy
color.ui=true
[sysadmin@centos obligatorio2025]$ git config user.email "mv288481@fi365.ort.edu.uy"
[sysadmin@centos obligatorio2025]$ git config --global --list
user.name=Sol Varietti
user.mail=mv288481@fi365.ort.edu.uy
color.ui=true
[sysadmin@centos obligatorio2025]$ git config --global --unset user.mail
[sysadmin@centos obligatorio2025]$ git config user.email "mv288481@fi365.ort.edu.uy"
[sysadmin@centos obligatorio2025]$ git config --global --list
user.name=Sol Varietti
color.ui=true
[sysadmin@centos obligatorio2025]$ git config --global user.email "mv288481@fi365.ort.edu.uy"
[sysadmin@centos obligatorio2025]$ git config --global --list
user.name=Sol Varietti
user.email=mv288481@fi365.ort.edu.uy
color.ui=true
[sysadmin@centos obligatorio2025]$ git config --list
user.name=Sol Varietti
user.email=mv288481@fi365.ort.edu.uy
color.ui=true
core.repositoryformatversion=0
core.filemode=true
core.bare=false
core.logallrefupdates=true
remote.origin.url=git@github.com:MV288481/obligatorio2025.git
remote.origin.fetch=+refs/heads/*:refs/remotes/origin/*
branch.main.remote=origin
branch.main.merge=refs/heads/main
user.mail=mv288481@fi365.ort.edu.uy
user.name=Sol Varietti
user.email=mv288481@fi365.ort.edu.uy
[sysadmin@centos obligatorio2025]$ git config --unset user.mail
[sysadmin@centos obligatorio2025]$ git config --list
user.name=Sol Varietti
user.email=mv288481@fi365.ort.edu.uy
color.ui=true
core.repositoryformatversion=0
core.filemode=true
core.bare=false
core.logallrefupdates=true
remote.origin.url=git@github.com:MV288481/obligatorio2025.git
remote.origin.fetch=+refs/heads/*:refs/remotes/origin/*
branch.main.remote=origin
branch.main.merge=refs/heads/main
user.name=Sol Varietti
user.email=mv288481@fi365.ort.edu.uy
[sysadmin@centos obligatorio2025]$ git config user.email "mv288481@fi365.ort.edu.uy"
[sysadmin@centos obligatorio2025]$ git commit -m "Se realizo la creación del repositorio y del inventario"
[main 14c5c38] Se realizo la creación del repositorio y del inventario
 1 file changed, 13 insertions(+)
 create mode 100644 inventories/inventory.ini
[sysadmin@centos obligatorio2025]$ git push 
Enumerating objects: 5, done.
Counting objects: 100% (5/5), done.
Compressing objects: 100% (3/3), done.
Writing objects: 100% (4/4), 508 bytes | 127.00 KiB/s, done.
Total 4 (delta 0), reused 0 (delta 0), pack-reused 0 (from 0)
To github.com:MV288481/obligatorio2025.git
   b7c9772..14c5c38  main -> main
[sysadmin@centos obligatorio2025]$ exit
exit
There are stopped jobs.
[sysadmin@centos obligatorio2025]$ 
